[INFO] Scanning for projects...
[INFO] 
[INFO] -------------------< com.uber:ride-dispatch-server >--------------------
[INFO] Building Ride Dispatch Server 0.1.0-SNAPSHOT
[INFO]   from pom.xml
[INFO] --------------------------------[ jar ]---------------------------------
[INFO] 
[INFO] --- clean:3.3.2:clean (default-clean) @ ride-dispatch-server ---
[INFO] Deleting C:\Users\wilso\OneDrive\�ୱ\Uber\server\target
[INFO] 
[INFO] --- jacoco:0.8.12:prepare-agent (prepare-agent) @ ride-dispatch-server ---
[INFO] argLine set to -javaagent:C:\\Users\\wilso\\.m2\\repository\\org\\jacoco\\org.jacoco.agent\\0.8.12\\org.jacoco.agent-0.8.12-runtime.jar=destfile=C:\\Users\\wilso\\OneDrive\\�ୱ\\Uber\\server\\target\\jacoco.exec
[INFO] 
[INFO] --- resources:3.3.1:resources (default-resources) @ ride-dispatch-server ---
[INFO] Copying 1 resource from src\main\resources to target\classes
[INFO] Copying 0 resource from src\main\resources to target\classes
[INFO] 
[INFO] --- compiler:3.11.0:compile (default-compile) @ ride-dispatch-server ---
[INFO] Changes detected - recompiling the module! :source
[INFO] Compiling 28 source files with javac [debug release 17] to target\classes
[INFO] Annotation processing is enabled because one or more processors were found
  on the class path. A future release of javac may disable annotation processing
  unless at least one processor is specified by name (-processor), or a search
  path is specified (--processor-path, --processor-module-path), or annotation
  processing is enabled explicitly (-proc:only, -proc:full).
  Use -Xlint:-options to suppress this message.
  Use -proc:none to disable annotation processing.
[INFO] 
[INFO] --- resources:3.3.1:testResources (default-testResources) @ ride-dispatch-server ---
[INFO] skip non existing resourceDirectory C:\Users\wilso\OneDrive\�ୱ\Uber\server\src\test\resources
[INFO] 
[INFO] --- compiler:3.11.0:testCompile (default-testCompile) @ ride-dispatch-server ---
[INFO] Changes detected - recompiling the module! :dependency
[INFO] Compiling 10 source files with javac [debug release 17] to target\test-classes
[INFO] Annotation processing is enabled because one or more processors were found
  on the class path. A future release of javac may disable annotation processing
  unless at least one processor is specified by name (-processor), or a search
  path is specified (--processor-path, --processor-module-path), or annotation
  processing is enabled explicitly (-proc:only, -proc:full).
  Use -Xlint:-options to suppress this message.
  Use -proc:none to disable annotation processing.
[INFO] 
[INFO] --- surefire:3.1.2:test (default-test) @ ride-dispatch-server ---
[INFO] Using auto detected provider org.apache.maven.surefire.junitplatform.JUnitPlatformProvider
[INFO] 
[INFO] -------------------------------------------------------
[INFO]  T E S T S
[INFO] -------------------------------------------------------
[INFO] Running com.uber.controller.AdminControllerTest
21:29:11.043 [main] INFO org.springframework.test.context.support.AnnotationConfigContextLoaderUtils -- Could not detect default configuration classes for test class [com.uber.controller.AdminControllerTest]: AdminControllerTest does not declare any static, non-private, non-final, nested classes annotated with @Configuration.
21:29:11.334 [main] INFO org.springframework.boot.test.context.SpringBootTestContextBootstrapper -- Found @SpringBootConfiguration com.uber.RideDispatchApplication for test class com.uber.controller.AdminControllerTest
[INFO] Running com.uber.controller.AdminControllerTest$GetSystemStatsTests
21:29:11.399 [main] INFO org.springframework.test.context.support.AnnotationConfigContextLoaderUtils -- Could not detect default configuration classes for test class [com.uber.controller.AdminControllerTest$GetSystemStatsTests]: GetSystemStatsTests does not declare any static, non-private, non-final, nested classes annotated with @Configuration.
21:29:11.415 [main] INFO org.springframework.boot.test.context.SpringBootTestContextBootstrapper -- Found @SpringBootConfiguration com.uber.RideDispatchApplication for test class com.uber.controller.AdminControllerTest$GetSystemStatsTests

  .   ____          _            __ _ _
 /\\ / ___'_ __ _ _(_)_ __  __ _ \ \ \ \
( ( )\___ | '_ | '_| | '_ \/ _` | \ \ \ \
 \\/  ___)| |_)| | | | | || (_| |  ) ) ) )
  '  |____| .__|_| |_|_| |_\__, | / / / /
 =========|_|==============|___/=/_/_/_/
 :: Spring Boot ::                (v3.2.1)

2025-12-26T21:29:12.293+08:00  INFO 26600 --- [ride-dispatch-server] [           main] c.uber.controller.AdminControllerTest    : Starting AdminControllerTest using Java 22.0.2 with PID 26600 (started by wilso in C:\Users\wilso\OneDrive\�ୱ\Uber\server)
2025-12-26T21:29:12.295+08:00 DEBUG 26600 --- [ride-dispatch-server] [           main] c.uber.controller.AdminControllerTest    : Running with Spring Boot v3.2.1, Spring v6.1.2
2025-12-26T21:29:12.297+08:00  INFO 26600 --- [ride-dispatch-server] [           main] c.uber.controller.AdminControllerTest    : No active profile set, falling back to 1 default profile: "default"
2025-12-26T21:29:16.003+08:00  INFO 26600 --- [ride-dispatch-server] [           main] o.s.b.t.m.w.SpringBootMockServletContext : Initializing Spring TestDispatcherServlet ''
2025-12-26T21:29:16.003+08:00  INFO 26600 --- [ride-dispatch-server] [           main] o.s.t.web.servlet.TestDispatcherServlet  : Initializing Servlet ''
2025-12-26T21:29:16.009+08:00  INFO 26600 --- [ride-dispatch-server] [           main] o.s.t.web.servlet.TestDispatcherServlet  : Completed initialization in 1 ms
2025-12-26T21:29:16.055+08:00  INFO 26600 --- [ride-dispatch-server] [           main] c.uber.controller.AdminControllerTest    : Started AdminControllerTest in 4.554 seconds (process running for 6.558)
[INFO] Tests run: 1, Failures: 0, Errors: 0, Skipped: 0, Time elapsed: 5.235 s -- in com.uber.controller.AdminControllerTest$GetSystemStatsTests
[INFO] Running com.uber.controller.AdminControllerTest$UpdateRatePlanTests
2025-12-26T21:29:16.645+08:00  INFO 26600 --- [ride-dispatch-server] [           main] t.c.s.AnnotationConfigContextLoaderUtils : Could not detect default configuration classes for test class [com.uber.controller.AdminControllerTest$UpdateRatePlanTests]: UpdateRatePlanTests does not declare any static, non-private, non-final, nested classes annotated with @Configuration.
2025-12-26T21:29:16.676+08:00  INFO 26600 --- [ride-dispatch-server] [           main] .b.t.c.SpringBootTestContextBootstrapper : Found @SpringBootConfiguration com.uber.RideDispatchApplication for test class com.uber.controller.AdminControllerTest$UpdateRatePlanTests
[INFO] Tests run: 1, Failures: 0, Errors: 0, Skipped: 0, Time elapsed: 0.205 s -- in com.uber.controller.AdminControllerTest$UpdateRatePlanTests
[INFO] Running com.uber.controller.AdminControllerTest$GetRatePlansTests
2025-12-26T21:29:16.853+08:00  INFO 26600 --- [ride-dispatch-server] [           main] t.c.s.AnnotationConfigContextLoaderUtils : Could not detect default configuration classes for test class [com.uber.controller.AdminControllerTest$GetRatePlansTests]: GetRatePlansTests does not declare any static, non-private, non-final, nested classes annotated with @Configuration.
2025-12-26T21:29:16.871+08:00  INFO 26600 --- [ride-dispatch-server] [           main] .b.t.c.SpringBootTestContextBootstrapper : Found @SpringBootConfiguration com.uber.RideDispatchApplication for test class com.uber.controller.AdminControllerTest$GetRatePlansTests
[INFO] Tests run: 1, Failures: 0, Errors: 0, Skipped: 0, Time elapsed: 0.049 s -- in com.uber.controller.AdminControllerTest$GetRatePlansTests
[INFO] Running com.uber.controller.AdminControllerTest$GetAcceptStatsTests
2025-12-26T21:29:16.903+08:00  INFO 26600 --- [ride-dispatch-server] [           main] t.c.s.AnnotationConfigContextLoaderUtils : Could not detect default configuration classes for test class [com.uber.controller.AdminControllerTest$GetAcceptStatsTests]: GetAcceptStatsTests does not declare any static, non-private, non-final, nested classes annotated with @Configuration.
2025-12-26T21:29:16.917+08:00  INFO 26600 --- [ride-dispatch-server] [           main] .b.t.c.SpringBootTestContextBootstrapper : Found @SpringBootConfiguration com.uber.RideDispatchApplication for test class com.uber.controller.AdminControllerTest$GetAcceptStatsTests
[INFO] Tests run: 1, Failures: 0, Errors: 0, Skipped: 0, Time elapsed: 0.036 s -- in com.uber.controller.AdminControllerTest$GetAcceptStatsTests
[INFO] Running com.uber.controller.AdminControllerTest$GetAuditLogsTests
2025-12-26T21:29:16.943+08:00  INFO 26600 --- [ride-dispatch-server] [           main] t.c.s.AnnotationConfigContextLoaderUtils : Could not detect default configuration classes for test class [com.uber.controller.AdminControllerTest$GetAuditLogsTests]: GetAuditLogsTests does not declare any static, non-private, non-final, nested classes annotated with @Configuration.
2025-12-26T21:29:16.959+08:00  INFO 26600 --- [ride-dispatch-server] [           main] .b.t.c.SpringBootTestContextBootstrapper : Found @SpringBootConfiguration com.uber.RideDispatchApplication for test class com.uber.controller.AdminControllerTest$GetAuditLogsTests
[INFO] Tests run: 3, Failures: 0, Errors: 0, Skipped: 0, Time elapsed: 0.067 s -- in com.uber.controller.AdminControllerTest$GetAuditLogsTests
[INFO] Running com.uber.controller.AdminControllerTest$GetAllDriversTests
2025-12-26T21:29:17.012+08:00  INFO 26600 --- [ride-dispatch-server] [           main] t.c.s.AnnotationConfigContextLoaderUtils : Could not detect default configuration classes for test class [com.uber.controller.AdminControllerTest$GetAllDriversTests]: GetAllDriversTests does not declare any static, non-private, non-final, nested classes annotated with @Configuration.
2025-12-26T21:29:17.025+08:00  INFO 26600 --- [ride-dispatch-server] [           main] .b.t.c.SpringBootTestContextBootstrapper : Found @SpringBootConfiguration com.uber.RideDispatchApplication for test class com.uber.controller.AdminControllerTest$GetAllDriversTests
[INFO] Tests run: 1, Failures: 0, Errors: 0, Skipped: 0, Time elapsed: 0.037 s -- in com.uber.controller.AdminControllerTest$GetAllDriversTests
[INFO] Running com.uber.controller.AdminControllerTest$GetOrderDetailTests
2025-12-26T21:29:17.054+08:00  INFO 26600 --- [ride-dispatch-server] [           main] t.c.s.AnnotationConfigContextLoaderUtils : Could not detect default configuration classes for test class [com.uber.controller.AdminControllerTest$GetOrderDetailTests]: GetOrderDetailTests does not declare any static, non-private, non-final, nested classes annotated with @Configuration.
2025-12-26T21:29:17.070+08:00  INFO 26600 --- [ride-dispatch-server] [           main] .b.t.c.SpringBootTestContextBootstrapper : Found @SpringBootConfiguration com.uber.RideDispatchApplication for test class com.uber.controller.AdminControllerTest$GetOrderDetailTests
[INFO] Tests run: 1, Failures: 0, Errors: 0, Skipped: 0, Time elapsed: 0.044 s -- in com.uber.controller.AdminControllerTest$GetOrderDetailTests
[INFO] Running com.uber.controller.AdminControllerTest$GetAllOrdersTests
2025-12-26T21:29:17.099+08:00  INFO 26600 --- [ride-dispatch-server] [           main] t.c.s.AnnotationConfigContextLoaderUtils : Could not detect default configuration classes for test class [com.uber.controller.AdminControllerTest$GetAllOrdersTests]: GetAllOrdersTests does not declare any static, non-private, non-final, nested classes annotated with @Configuration.
2025-12-26T21:29:17.113+08:00  INFO 26600 --- [ride-dispatch-server] [           main] .b.t.c.SpringBootTestContextBootstrapper : Found @SpringBootConfiguration com.uber.RideDispatchApplication for test class com.uber.controller.AdminControllerTest$GetAllOrdersTests
[INFO] Tests run: 3, Failures: 0, Errors: 0, Skipped: 0, Time elapsed: 0.071 s -- in com.uber.controller.AdminControllerTest$GetAllOrdersTests
[INFO] Tests run: 0, Failures: 0, Errors: 0, Skipped: 0, Time elapsed: 6.467 s -- in com.uber.controller.AdminControllerTest
[INFO] Running com.uber.controller.DriverControllerTest
2025-12-26T21:29:17.176+08:00  INFO 26600 --- [ride-dispatch-server] [           main] t.c.s.AnnotationConfigContextLoaderUtils : Could not detect default configuration classes for test class [com.uber.controller.DriverControllerTest]: DriverControllerTest does not declare any static, non-private, non-final, nested classes annotated with @Configuration.
2025-12-26T21:29:17.193+08:00  INFO 26600 --- [ride-dispatch-server] [           main] .b.t.c.SpringBootTestContextBootstrapper : Found @SpringBootConfiguration com.uber.RideDispatchApplication for test class com.uber.controller.DriverControllerTest
[INFO] Running com.uber.controller.DriverControllerTest$GetAllDriversTests
2025-12-26T21:29:17.199+08:00  INFO 26600 --- [ride-dispatch-server] [           main] t.c.s.AnnotationConfigContextLoaderUtils : Could not detect default configuration classes for test class [com.uber.controller.DriverControllerTest$GetAllDriversTests]: GetAllDriversTests does not declare any static, non-private, non-final, nested classes annotated with @Configuration.
2025-12-26T21:29:17.208+08:00  INFO 26600 --- [ride-dispatch-server] [           main] .b.t.c.SpringBootTestContextBootstrapper : Found @SpringBootConfiguration com.uber.RideDispatchApplication for test class com.uber.controller.DriverControllerTest$GetAllDriversTests

  .   ____          _            __ _ _
 /\\ / ___'_ __ _ _(_)_ __  __ _ \ \ \ \
( ( )\___ | '_ | '_| | '_ \/ _` | \ \ \ \
 \\/  ___)| |_)| | | | | || (_| |  ) ) ) )
  '  |____| .__|_| |_|_| |_\__, | / / / /
 =========|_|==============|___/=/_/_/_/
 :: Spring Boot ::                (v3.2.1)

2025-12-26T21:29:17.255+08:00  INFO 26600 --- [ride-dispatch-server] [           main] c.uber.controller.DriverControllerTest   : Starting DriverControllerTest using Java 22.0.2 with PID 26600 (started by wilso in C:\Users\wilso\OneDrive\�ୱ\Uber\server)
2025-12-26T21:29:17.256+08:00 DEBUG 26600 --- [ride-dispatch-server] [           main] c.uber.controller.DriverControllerTest   : Running with Spring Boot v3.2.1, Spring v6.1.2
2025-12-26T21:29:17.256+08:00  INFO 26600 --- [ride-dispatch-server] [           main] c.uber.controller.DriverControllerTest   : No active profile set, falling back to 1 default profile: "default"
2025-12-26T21:29:17.585+08:00  INFO 26600 --- [ride-dispatch-server] [           main] o.s.b.t.m.w.SpringBootMockServletContext : Initializing Spring TestDispatcherServlet ''
2025-12-26T21:29:17.585+08:00  INFO 26600 --- [ride-dispatch-server] [           main] o.s.t.web.servlet.TestDispatcherServlet  : Initializing Servlet ''
2025-12-26T21:29:17.585+08:00  INFO 26600 --- [ride-dispatch-server] [           main] o.s.t.web.servlet.TestDispatcherServlet  : Completed initialization in 0 ms
2025-12-26T21:29:17.592+08:00  INFO 26600 --- [ride-dispatch-server] [           main] c.uber.controller.DriverControllerTest   : Started DriverControllerTest in 0.38 seconds (process running for 8.095)
[INFO] Tests run: 2, Failures: 0, Errors: 0, Skipped: 0, Time elapsed: 0.422 s -- in com.uber.controller.DriverControllerTest$GetAllDriversTests
[INFO] Running com.uber.controller.DriverControllerTest$GetDriverTests
2025-12-26T21:29:17.622+08:00  INFO 26600 --- [ride-dispatch-server] [           main] t.c.s.AnnotationConfigContextLoaderUtils : Could not detect default configuration classes for test class [com.uber.controller.DriverControllerTest$GetDriverTests]: GetDriverTests does not declare any static, non-private, non-final, nested classes annotated with @Configuration.
2025-12-26T21:29:17.631+08:00  INFO 26600 --- [ride-dispatch-server] [           main] .b.t.c.SpringBootTestContextBootstrapper : Found @SpringBootConfiguration com.uber.RideDispatchApplication for test class com.uber.controller.DriverControllerTest$GetDriverTests
[INFO] Tests run: 1, Failures: 0, Errors: 0, Skipped: 0, Time elapsed: 0.023 s -- in com.uber.controller.DriverControllerTest$GetDriverTests
[INFO] Running com.uber.controller.DriverControllerTest$GetOffersTests
2025-12-26T21:29:17.648+08:00  INFO 26600 --- [ride-dispatch-server] [           main] t.c.s.AnnotationConfigContextLoaderUtils : Could not detect default configuration classes for test class [com.uber.controller.DriverControllerTest$GetOffersTests]: GetOffersTests does not declare any static, non-private, non-final, nested classes annotated with @Configuration.
2025-12-26T21:29:17.655+08:00  INFO 26600 --- [ride-dispatch-server] [           main] .b.t.c.SpringBootTestContextBootstrapper : Found @SpringBootConfiguration com.uber.RideDispatchApplication for test class com.uber.controller.DriverControllerTest$GetOffersTests
[INFO] Tests run: 2, Failures: 0, Errors: 0, Skipped: 0, Time elapsed: 0.033 s -- in com.uber.controller.DriverControllerTest$GetOffersTests
[INFO] Running com.uber.controller.DriverControllerTest$UpdateLocationTests
2025-12-26T21:29:17.681+08:00  INFO 26600 --- [ride-dispatch-server] [           main] t.c.s.AnnotationConfigContextLoaderUtils : Could not detect default configuration classes for test class [com.uber.controller.DriverControllerTest$UpdateLocationTests]: UpdateLocationTests does not declare any static, non-private, non-final, nested classes annotated with @Configuration.
2025-12-26T21:29:17.691+08:00  INFO 26600 --- [ride-dispatch-server] [           main] .b.t.c.SpringBootTestContextBootstrapper : Found @SpringBootConfiguration com.uber.RideDispatchApplication for test class com.uber.controller.DriverControllerTest$UpdateLocationTests
[INFO] Tests run: 1, Failures: 0, Errors: 0, Skipped: 0, Time elapsed: 0.024 s -- in com.uber.controller.DriverControllerTest$UpdateLocationTests
[INFO] Running com.uber.controller.DriverControllerTest$GoOfflineTests
2025-12-26T21:29:17.709+08:00  INFO 26600 --- [ride-dispatch-server] [           main] t.c.s.AnnotationConfigContextLoaderUtils : Could not detect default configuration classes for test class [com.uber.controller.DriverControllerTest$GoOfflineTests]: GoOfflineTests does not declare any static, non-private, non-final, nested classes annotated with @Configuration.
2025-12-26T21:29:17.716+08:00  INFO 26600 --- [ride-dispatch-server] [           main] .b.t.c.SpringBootTestContextBootstrapper : Found @SpringBootConfiguration com.uber.RideDispatchApplication for test class com.uber.controller.DriverControllerTest$GoOfflineTests
[INFO] Tests run: 1, Failures: 0, Errors: 0, Skipped: 0, Time elapsed: 0.022 s -- in com.uber.controller.DriverControllerTest$GoOfflineTests
[INFO] Running com.uber.controller.DriverControllerTest$GoOnlineTests
2025-12-26T21:29:17.731+08:00  INFO 26600 --- [ride-dispatch-server] [           main] t.c.s.AnnotationConfigContextLoaderUtils : Could not detect default configuration classes for test class [com.uber.controller.DriverControllerTest$GoOnlineTests]: GoOnlineTests does not declare any static, non-private, non-final, nested classes annotated with @Configuration.
2025-12-26T21:29:17.739+08:00  INFO 26600 --- [ride-dispatch-server] [           main] .b.t.c.SpringBootTestContextBootstrapper : Found @SpringBootConfiguration com.uber.RideDispatchApplication for test class com.uber.controller.DriverControllerTest$GoOnlineTests
[INFO] Tests run: 1, Failures: 0, Errors: 0, Skipped: 0, Time elapsed: 0.106 s -- in com.uber.controller.DriverControllerTest$GoOnlineTests
[INFO] Running com.uber.controller.DriverControllerTest$RegisterDriverTests
2025-12-26T21:29:17.840+08:00  INFO 26600 --- [ride-dispatch-server] [           main] t.c.s.AnnotationConfigContextLoaderUtils : Could not detect default configuration classes for test class [com.uber.controller.DriverControllerTest$RegisterDriverTests]: RegisterDriverTests does not declare any static, non-private, non-final, nested classes annotated with @Configuration.
2025-12-26T21:29:17.848+08:00  INFO 26600 --- [ride-dispatch-server] [           main] .b.t.c.SpringBootTestContextBootstrapper : Found @SpringBootConfiguration com.uber.RideDispatchApplication for test class com.uber.controller.DriverControllerTest$RegisterDriverTests
[INFO] Tests run: 1, Failures: 0, Errors: 0, Skipped: 0, Time elapsed: 0.034 s -- in com.uber.controller.DriverControllerTest$RegisterDriverTests
[INFO] Tests run: 0, Failures: 0, Errors: 0, Skipped: 0, Time elapsed: 0.703 s -- in com.uber.controller.DriverControllerTest
[INFO] Running com.uber.controller.OrderControllerTest
2025-12-26T21:29:17.878+08:00  INFO 26600 --- [ride-dispatch-server] [           main] t.c.s.AnnotationConfigContextLoaderUtils : Could not detect default configuration classes for test class [com.uber.controller.OrderControllerTest]: OrderControllerTest does not declare any static, non-private, non-final, nested classes annotated with @Configuration.
2025-12-26T21:29:17.890+08:00  INFO 26600 --- [ride-dispatch-server] [           main] .b.t.c.SpringBootTestContextBootstrapper : Found @SpringBootConfiguration com.uber.RideDispatchApplication for test class com.uber.controller.OrderControllerTest
[INFO] Running com.uber.controller.OrderControllerTest$CancelOrderTests
2025-12-26T21:29:17.895+08:00  INFO 26600 --- [ride-dispatch-server] [           main] t.c.s.AnnotationConfigContextLoaderUtils : Could not detect default configuration classes for test class [com.uber.controller.OrderControllerTest$CancelOrderTests]: CancelOrderTests does not declare any static, non-private, non-final, nested classes annotated with @Configuration.
2025-12-26T21:29:17.903+08:00  INFO 26600 --- [ride-dispatch-server] [           main] .b.t.c.SpringBootTestContextBootstrapper : Found @SpringBootConfiguration com.uber.RideDispatchApplication for test class com.uber.controller.OrderControllerTest$CancelOrderTests

  .   ____          _            __ _ _
 /\\ / ___'_ __ _ _(_)_ __  __ _ \ \ \ \
( ( )\___ | '_ | '_| | '_ \/ _` | \ \ \ \
 \\/  ___)| |_)| | | | | || (_| |  ) ) ) )
  '  |____| .__|_| |_|_| |_\__, | / / / /
 =========|_|==============|___/=/_/_/_/
 :: Spring Boot ::                (v3.2.1)

2025-12-26T21:29:17.938+08:00  INFO 26600 --- [ride-dispatch-server] [           main] c.uber.controller.OrderControllerTest    : Starting OrderControllerTest using Java 22.0.2 with PID 26600 (started by wilso in C:\Users\wilso\OneDrive\�ୱ\Uber\server)
2025-12-26T21:29:17.938+08:00 DEBUG 26600 --- [ride-dispatch-server] [           main] c.uber.controller.OrderControllerTest    : Running with Spring Boot v3.2.1, Spring v6.1.2
2025-12-26T21:29:17.938+08:00  INFO 26600 --- [ride-dispatch-server] [           main] c.uber.controller.OrderControllerTest    : No active profile set, falling back to 1 default profile: "default"
2025-12-26T21:29:18.190+08:00  INFO 26600 --- [ride-dispatch-server] [           main] o.s.b.t.m.w.SpringBootMockServletContext : Initializing Spring TestDispatcherServlet ''
2025-12-26T21:29:18.190+08:00  INFO 26600 --- [ride-dispatch-server] [           main] o.s.t.web.servlet.TestDispatcherServlet  : Initializing Servlet ''
2025-12-26T21:29:18.191+08:00  INFO 26600 --- [ride-dispatch-server] [           main] o.s.t.web.servlet.TestDispatcherServlet  : Completed initialization in 1 ms
2025-12-26T21:29:18.200+08:00  INFO 26600 --- [ride-dispatch-server] [           main] c.uber.controller.OrderControllerTest    : Started OrderControllerTest in 0.293 seconds (process running for 8.704)
[INFO] Tests run: 1, Failures: 0, Errors: 0, Skipped: 0, Time elapsed: 0.334 s -- in com.uber.controller.OrderControllerTest$CancelOrderTests
[INFO] Running com.uber.controller.OrderControllerTest$CompleteTripTests
2025-12-26T21:29:18.232+08:00  INFO 26600 --- [ride-dispatch-server] [           main] t.c.s.AnnotationConfigContextLoaderUtils : Could not detect default configuration classes for test class [com.uber.controller.OrderControllerTest$CompleteTripTests]: CompleteTripTests does not declare any static, non-private, non-final, nested classes annotated with @Configuration.
2025-12-26T21:29:18.242+08:00  INFO 26600 --- [ride-dispatch-server] [           main] .b.t.c.SpringBootTestContextBootstrapper : Found @SpringBootConfiguration com.uber.RideDispatchApplication for test class com.uber.controller.OrderControllerTest$CompleteTripTests
[INFO] Tests run: 1, Failures: 0, Errors: 0, Skipped: 0, Time elapsed: 0.036 s -- in com.uber.controller.OrderControllerTest$CompleteTripTests
[INFO] Running com.uber.controller.OrderControllerTest$StartTripTests
2025-12-26T21:29:18.269+08:00  INFO 26600 --- [ride-dispatch-server] [           main] t.c.s.AnnotationConfigContextLoaderUtils : Could not detect default configuration classes for test class [com.uber.controller.OrderControllerTest$StartTripTests]: StartTripTests does not declare any static, non-private, non-final, nested classes annotated with @Configuration.
2025-12-26T21:29:18.278+08:00  INFO 26600 --- [ride-dispatch-server] [           main] .b.t.c.SpringBootTestContextBootstrapper : Found @SpringBootConfiguration com.uber.RideDispatchApplication for test class com.uber.controller.OrderControllerTest$StartTripTests
[INFO] Tests run: 1, Failures: 0, Errors: 0, Skipped: 0, Time elapsed: 0.025 s -- in com.uber.controller.OrderControllerTest$StartTripTests
[INFO] Running com.uber.controller.OrderControllerTest$AcceptOrderTests
2025-12-26T21:29:18.295+08:00  INFO 26600 --- [ride-dispatch-server] [           main] t.c.s.AnnotationConfigContextLoaderUtils : Could not detect default configuration classes for test class [com.uber.controller.OrderControllerTest$AcceptOrderTests]: AcceptOrderTests does not declare any static, non-private, non-final, nested classes annotated with @Configuration.
2025-12-26T21:29:18.303+08:00  INFO 26600 --- [ride-dispatch-server] [           main] .b.t.c.SpringBootTestContextBootstrapper : Found @SpringBootConfiguration com.uber.RideDispatchApplication for test class com.uber.controller.OrderControllerTest$AcceptOrderTests
[INFO] Tests run: 1, Failures: 0, Errors: 0, Skipped: 0, Time elapsed: 0.025 s -- in com.uber.controller.OrderControllerTest$AcceptOrderTests
[INFO] Running com.uber.controller.OrderControllerTest$GetOrderTests
2025-12-26T21:29:18.323+08:00  INFO 26600 --- [ride-dispatch-server] [           main] t.c.s.AnnotationConfigContextLoaderUtils : Could not detect default configuration classes for test class [com.uber.controller.OrderControllerTest$GetOrderTests]: GetOrderTests does not declare any static, non-private, non-final, nested classes annotated with @Configuration.
2025-12-26T21:29:18.333+08:00  INFO 26600 --- [ride-dispatch-server] [           main] .b.t.c.SpringBootTestContextBootstrapper : Found @SpringBootConfiguration com.uber.RideDispatchApplication for test class com.uber.controller.OrderControllerTest$GetOrderTests
[INFO] Tests run: 1, Failures: 0, Errors: 0, Skipped: 0, Time elapsed: 0.023 s -- in com.uber.controller.OrderControllerTest$GetOrderTests
[INFO] Running com.uber.controller.OrderControllerTest$CreateOrderTests
2025-12-26T21:29:18.347+08:00  INFO 26600 --- [ride-dispatch-server] [           main] t.c.s.AnnotationConfigContextLoaderUtils : Could not detect default configuration classes for test class [com.uber.controller.OrderControllerTest$CreateOrderTests]: CreateOrderTests does not declare any static, non-private, non-final, nested classes annotated with @Configuration.
2025-12-26T21:29:18.357+08:00  INFO 26600 --- [ride-dispatch-server] [           main] .b.t.c.SpringBootTestContextBootstrapper : Found @SpringBootConfiguration com.uber.RideDispatchApplication for test class com.uber.controller.OrderControllerTest$CreateOrderTests
[INFO] Tests run: 2, Failures: 0, Errors: 0, Skipped: 0, Time elapsed: 0.057 s -- in com.uber.controller.OrderControllerTest$CreateOrderTests
[INFO] Tests run: 0, Failures: 0, Errors: 0, Skipped: 0, Time elapsed: 0.525 s -- in com.uber.controller.OrderControllerTest
[INFO] Running com.uber.service.AuditServiceTest
[INFO] Running com.uber.service.AuditServiceTest$QueryTests
[INFO] Tests run: 3, Failures: 0, Errors: 0, Skipped: 0, Time elapsed: 0.024 s -- in com.uber.service.AuditServiceTest$QueryTests
[INFO] Running com.uber.service.AuditServiceTest$LogFailureTests
[INFO] Tests run: 2, Failures: 0, Errors: 0, Skipped: 0, Time elapsed: 0.009 s -- in com.uber.service.AuditServiceTest$LogFailureTests
[INFO] Running com.uber.service.AuditServiceTest$LogSuccessTests
[INFO] Tests run: 2, Failures: 0, Errors: 0, Skipped: 0, Time elapsed: 0.007 s -- in com.uber.service.AuditServiceTest$LogSuccessTests
[INFO] Tests run: 0, Failures: 0, Errors: 0, Skipped: 0, Time elapsed: 0.047 s -- in com.uber.service.AuditServiceTest
[INFO] Running com.uber.service.ConcurrencyH2Test
2025-12-26T21:29:18.456+08:00  INFO 26600 --- [ride-dispatch-server] [           main] t.c.s.AnnotationConfigContextLoaderUtils : Could not detect default configuration classes for test class [com.uber.service.ConcurrencyH2Test]: ConcurrencyH2Test does not declare any static, non-private, non-final, nested classes annotated with @Configuration.
2025-12-26T21:29:18.487+08:00  INFO 26600 --- [ride-dispatch-server] [           main] .b.t.c.SpringBootTestContextBootstrapper : Found @SpringBootConfiguration com.uber.RideDispatchApplication for test class com.uber.service.ConcurrencyH2Test

  .   ____          _            __ _ _
 /\\ / ___'_ __ _ _(_)_ __  __ _ \ \ \ \
( ( )\___ | '_ | '_| | '_ \/ _` | \ \ \ \
 \\/  ___)| |_)| | | | | || (_| |  ) ) ) )
  '  |____| .__|_| |_|_| |_\__, | / / / /
 =========|_|==============|___/=/_/_/_/
 :: Spring Boot ::                (v3.2.1)

2025-12-26T21:29:18.530+08:00  INFO 26600 --- [ride-dispatch-server] [           main] com.uber.service.ConcurrencyH2Test       : Starting ConcurrencyH2Test using Java 22.0.2 with PID 26600 (started by wilso in C:\Users\wilso\OneDrive\�ୱ\Uber\server)
2025-12-26T21:29:18.530+08:00 DEBUG 26600 --- [ride-dispatch-server] [           main] com.uber.service.ConcurrencyH2Test       : Running with Spring Boot v3.2.1, Spring v6.1.2
2025-12-26T21:29:18.531+08:00  INFO 26600 --- [ride-dispatch-server] [           main] com.uber.service.ConcurrencyH2Test       : No active profile set, falling back to 1 default profile: "default"
2025-12-26T21:29:19.100+08:00  INFO 26600 --- [ride-dispatch-server] [           main] com.uber.service.ConcurrencyH2Test       : Started ConcurrencyH2Test in 0.606 seconds (process running for 9.604)
2025-12-26T21:29:19.106+08:00  INFO 26600 --- [ride-dispatch-server] [           main] com.uber.service.OrderService            : Order created: 7bf53da2-ffc6-47e3-860f-0128c48965fb
2025-12-26T21:29:19.109+08:00  INFO 26600 --- [ride-dispatch-server] [           main] com.uber.service.DriverService           : Driver registered: xl-driver-0
2025-12-26T21:29:19.109+08:00  INFO 26600 --- [ride-dispatch-server] [           main] com.uber.service.DriverService           : Driver xl-driver-0 is now online at (0.0, 0.0)
2025-12-26T21:29:19.109+08:00  INFO 26600 --- [ride-dispatch-server] [           main] com.uber.service.DriverService           : Driver registered: xl-driver-1
2025-12-26T21:29:19.109+08:00  INFO 26600 --- [ride-dispatch-server] [           main] com.uber.service.DriverService           : Driver xl-driver-1 is now online at (1.0, 1.0)
2025-12-26T21:29:19.110+08:00  INFO 26600 --- [ride-dispatch-server] [           main] com.uber.service.DriverService           : Driver registered: xl-driver-2
2025-12-26T21:29:19.110+08:00  INFO 26600 --- [ride-dispatch-server] [           main] com.uber.service.DriverService           : Driver xl-driver-2 is now online at (2.0, 2.0)
2025-12-26T21:29:19.110+08:00  INFO 26600 --- [ride-dispatch-server] [           main] com.uber.service.DriverService           : Driver registered: xl-driver-3
2025-12-26T21:29:19.110+08:00  INFO 26600 --- [ride-dispatch-server] [           main] com.uber.service.DriverService           : Driver xl-driver-3 is now online at (3.0, 3.0)
2025-12-26T21:29:19.110+08:00  INFO 26600 --- [ride-dispatch-server] [           main] com.uber.service.DriverService           : Driver registered: xl-driver-4
2025-12-26T21:29:19.110+08:00  INFO 26600 --- [ride-dispatch-server] [           main] com.uber.service.DriverService           : Driver xl-driver-4 is now online at (4.0, 4.0)
2025-12-26T21:29:19.112+08:00  INFO 26600 --- [ride-dispatch-server] [pool-3-thread-4] com.uber.service.OrderService            : Order 7bf53da2-ffc6-47e3-860f-0128c48965fb accepted by driver xl-driver-3
2025-12-26T21:29:19.118+08:00  INFO 26600 --- [ride-dispatch-server] [           main] com.uber.service.OrderService            : Order created: e2cc9203-318e-4c45-a801-2b0a327d7354
2025-12-26T21:29:19.118+08:00  INFO 26600 --- [ride-dispatch-server] [           main] com.uber.service.DriverService           : Driver registered: premium-driver-0
2025-12-26T21:29:19.118+08:00  INFO 26600 --- [ride-dispatch-server] [           main] com.uber.service.DriverService           : Driver premium-driver-0 is now online at (0.0, 0.0)
2025-12-26T21:29:19.118+08:00  INFO 26600 --- [ride-dispatch-server] [           main] com.uber.service.DriverService           : Driver registered: premium-driver-1
2025-12-26T21:29:19.118+08:00  INFO 26600 --- [ride-dispatch-server] [           main] com.uber.service.DriverService           : Driver premium-driver-1 is now online at (1.0, 1.0)
2025-12-26T21:29:19.119+08:00  INFO 26600 --- [ride-dispatch-server] [           main] com.uber.service.DriverService           : Driver registered: premium-driver-2
2025-12-26T21:29:19.119+08:00  INFO 26600 --- [ride-dispatch-server] [           main] com.uber.service.DriverService           : Driver premium-driver-2 is now online at (2.0, 2.0)
2025-12-26T21:29:19.122+08:00  INFO 26600 --- [ride-dispatch-server] [pool-4-thread-2] com.uber.service.OrderService            : Order e2cc9203-318e-4c45-a801-2b0a327d7354 accepted by driver premium-driver-1
2025-12-26T21:29:19.127+08:00  INFO 26600 --- [ride-dispatch-server] [           main] com.uber.service.OrderService            : Order created: 0e950d3f-72f1-4ffe-b3d1-ec24e65d64ff
2025-12-26T21:29:19.128+08:00  INFO 26600 --- [ride-dispatch-server] [           main] com.uber.service.DriverService           : Driver registered: driver-000
2025-12-26T21:29:19.128+08:00  INFO 26600 --- [ride-dispatch-server] [           main] com.uber.service.DriverService           : Driver driver-000 is now online at (0.0, 0.0)
2025-12-26T21:29:19.128+08:00  INFO 26600 --- [ride-dispatch-server] [           main] com.uber.service.DriverService           : Driver registered: driver-001
2025-12-26T21:29:19.128+08:00  INFO 26600 --- [ride-dispatch-server] [           main] com.uber.service.DriverService           : Driver driver-001 is now online at (1.0, 1.0)
2025-12-26T21:29:19.128+08:00  INFO 26600 --- [ride-dispatch-server] [           main] com.uber.service.DriverService           : Driver registered: driver-002
2025-12-26T21:29:19.128+08:00  INFO 26600 --- [ride-dispatch-server] [           main] com.uber.service.DriverService           : Driver driver-002 is now online at (2.0, 2.0)
2025-12-26T21:29:19.128+08:00  INFO 26600 --- [ride-dispatch-server] [           main] com.uber.service.DriverService           : Driver registered: driver-003
2025-12-26T21:29:19.128+08:00  INFO 26600 --- [ride-dispatch-server] [           main] com.uber.service.DriverService           : Driver driver-003 is now online at (3.0, 3.0)
2025-12-26T21:29:19.128+08:00  INFO 26600 --- [ride-dispatch-server] [           main] com.uber.service.DriverService           : Driver registered: driver-004
2025-12-26T21:29:19.128+08:00  INFO 26600 --- [ride-dispatch-server] [           main] com.uber.service.DriverService           : Driver driver-004 is now online at (4.0, 4.0)
2025-12-26T21:29:19.128+08:00  INFO 26600 --- [ride-dispatch-server] [           main] com.uber.service.DriverService           : Driver registered: driver-005
2025-12-26T21:29:19.128+08:00  INFO 26600 --- [ride-dispatch-server] [           main] com.uber.service.DriverService           : Driver driver-005 is now online at (5.0, 5.0)
2025-12-26T21:29:19.128+08:00  INFO 26600 --- [ride-dispatch-server] [           main] com.uber.service.DriverService           : Driver registered: driver-006
2025-12-26T21:29:19.128+08:00  INFO 26600 --- [ride-dispatch-server] [           main] com.uber.service.DriverService           : Driver driver-006 is now online at (6.0, 6.0)
2025-12-26T21:29:19.128+08:00  INFO 26600 --- [ride-dispatch-server] [           main] com.uber.service.DriverService           : Driver registered: driver-007
2025-12-26T21:29:19.128+08:00  INFO 26600 --- [ride-dispatch-server] [           main] com.uber.service.DriverService           : Driver driver-007 is now online at (7.0, 7.0)
2025-12-26T21:29:19.128+08:00  INFO 26600 --- [ride-dispatch-server] [           main] com.uber.service.DriverService           : Driver registered: driver-008
2025-12-26T21:29:19.128+08:00  INFO 26600 --- [ride-dispatch-server] [           main] com.uber.service.DriverService           : Driver driver-008 is now online at (8.0, 8.0)
2025-12-26T21:29:19.128+08:00  INFO 26600 --- [ride-dispatch-server] [           main] com.uber.service.DriverService           : Driver registered: driver-009
2025-12-26T21:29:19.128+08:00  INFO 26600 --- [ride-dispatch-server] [           main] com.uber.service.DriverService           : Driver driver-009 is now online at (9.0, 9.0)
2025-12-26T21:29:19.131+08:00  INFO 26600 --- [ride-dispatch-server] [pool-5-thread-2] com.uber.service.OrderService            : Order 0e950d3f-72f1-4ffe-b3d1-ec24e65d64ff accepted by driver driver-001
2025-12-26T21:29:19.137+08:00  INFO 26600 --- [ride-dispatch-server] [           main] com.uber.service.OrderService            : Order created: 5a58067e-d578-4e41-9963-70b3c9b92510
2025-12-26T21:29:19.137+08:00  INFO 26600 --- [ride-dispatch-server] [           main] com.uber.service.DriverService           : Driver registered: driver-0-0
2025-12-26T21:29:19.137+08:00  INFO 26600 --- [ride-dispatch-server] [           main] com.uber.service.DriverService           : Driver driver-0-0 is now online at (0.0, 0.0)
2025-12-26T21:29:19.138+08:00  INFO 26600 --- [ride-dispatch-server] [           main] com.uber.service.DriverService           : Driver registered: driver-0-1
2025-12-26T21:29:19.138+08:00  INFO 26600 --- [ride-dispatch-server] [           main] com.uber.service.DriverService           : Driver driver-0-1 is now online at (0.0, 0.0)
2025-12-26T21:29:19.138+08:00  INFO 26600 --- [ride-dispatch-server] [           main] com.uber.service.DriverService           : Driver registered: driver-0-2
2025-12-26T21:29:19.138+08:00  INFO 26600 --- [ride-dispatch-server] [           main] com.uber.service.DriverService           : Driver driver-0-2 is now online at (0.0, 0.0)
2025-12-26T21:29:19.139+08:00  INFO 26600 --- [ride-dispatch-server] [           main] com.uber.service.OrderService            : Order created: 3c9a2ec7-4d53-48e1-924b-1f7de42ab74d
2025-12-26T21:29:19.139+08:00  INFO 26600 --- [ride-dispatch-server] [           main] com.uber.service.DriverService           : Driver registered: driver-1-0
2025-12-26T21:29:19.139+08:00  INFO 26600 --- [ride-dispatch-server] [           main] com.uber.service.DriverService           : Driver driver-1-0 is now online at (10.0, 10.0)
2025-12-26T21:29:19.139+08:00  INFO 26600 --- [ride-dispatch-server] [           main] com.uber.service.DriverService           : Driver registered: driver-1-1
2025-12-26T21:29:19.139+08:00  INFO 26600 --- [ride-dispatch-server] [           main] com.uber.service.DriverService           : Driver driver-1-1 is now online at (10.0, 10.0)
2025-12-26T21:29:19.139+08:00  INFO 26600 --- [ride-dispatch-server] [           main] com.uber.service.DriverService           : Driver registered: driver-1-2
2025-12-26T21:29:19.139+08:00  INFO 26600 --- [ride-dispatch-server] [           main] com.uber.service.DriverService           : Driver driver-1-2 is now online at (10.0, 10.0)
2025-12-26T21:29:19.139+08:00  INFO 26600 --- [ride-dispatch-server] [           main] com.uber.service.OrderService            : Order created: 5871c357-9688-4f83-8b61-95215ae32065
2025-12-26T21:29:19.139+08:00  INFO 26600 --- [ride-dispatch-server] [           main] com.uber.service.DriverService           : Driver registered: driver-2-0
2025-12-26T21:29:19.139+08:00  INFO 26600 --- [ride-dispatch-server] [           main] com.uber.service.DriverService           : Driver driver-2-0 is now online at (20.0, 20.0)
2025-12-26T21:29:19.139+08:00  INFO 26600 --- [ride-dispatch-server] [           main] com.uber.service.DriverService           : Driver registered: driver-2-1
2025-12-26T21:29:19.139+08:00  INFO 26600 --- [ride-dispatch-server] [           main] com.uber.service.DriverService           : Driver driver-2-1 is now online at (20.0, 20.0)
2025-12-26T21:29:19.139+08:00  INFO 26600 --- [ride-dispatch-server] [           main] com.uber.service.DriverService           : Driver registered: driver-2-2
2025-12-26T21:29:19.139+08:00  INFO 26600 --- [ride-dispatch-server] [           main] com.uber.service.DriverService           : Driver driver-2-2 is now online at (20.0, 20.0)
2025-12-26T21:29:19.142+08:00  INFO 26600 --- [ride-dispatch-server] [pool-6-thread-3] com.uber.service.OrderService            : Order 5a58067e-d578-4e41-9963-70b3c9b92510 accepted by driver driver-0-2
2025-12-26T21:29:19.142+08:00  INFO 26600 --- [ride-dispatch-server] [pool-6-thread-4] com.uber.service.OrderService            : Order 3c9a2ec7-4d53-48e1-924b-1f7de42ab74d accepted by driver driver-1-0
2025-12-26T21:29:19.143+08:00  INFO 26600 --- [ride-dispatch-server] [pool-6-thread-7] com.uber.service.OrderService            : Order 5871c357-9688-4f83-8b61-95215ae32065 accepted by driver driver-2-0
[INFO] Tests run: 4, Failures: 0, Errors: 0, Skipped: 0, Time elapsed: 0.693 s -- in com.uber.service.ConcurrencyH2Test
[INFO] Running com.uber.service.DriverServiceTest
[INFO] Running com.uber.service.DriverServiceTest$RegisterDriverTests
2025-12-26T21:29:19.150+08:00  INFO 26600 --- [ride-dispatch-server] [           main] com.uber.service.DriverService           : Driver registered: driver-1
[INFO] Tests run: 1, Failures: 0, Errors: 0, Skipped: 0, Time elapsed: 0.003 s -- in com.uber.service.DriverServiceTest$RegisterDriverTests
[INFO] Running com.uber.service.DriverServiceTest$GetOffersTests
2025-12-26T21:29:19.156+08:00  INFO 26600 --- [ride-dispatch-server] [           main] com.uber.service.DriverService           : Driver driver-1 is now online at (10.0, 20.0)
2025-12-26T21:29:19.159+08:00  INFO 26600 --- [ride-dispatch-server] [           main] com.uber.service.DriverService           : Driver registered: driver-1
2025-12-26T21:29:19.163+08:00  INFO 26600 --- [ride-dispatch-server] [           main] com.uber.service.DriverService           : Driver driver-1 is now online at (10.0, 20.0)
2025-12-26T21:29:19.169+08:00  INFO 26600 --- [ride-dispatch-server] [           main] com.uber.service.DriverService           : Driver driver-1 is now online at (10.0, 20.0)
[INFO] Tests run: 4, Failures: 0, Errors: 0, Skipped: 0, Time elapsed: 0.018 s -- in com.uber.service.DriverServiceTest$GetOffersTests
[INFO] Running com.uber.service.DriverServiceTest$UpdateLocationTests
2025-12-26T21:29:19.175+08:00  INFO 26600 --- [ride-dispatch-server] [           main] com.uber.service.DriverService           : Driver driver-1 is now online at (10.0, 20.0)
[INFO] Tests run: 2, Failures: 0, Errors: 0, Skipped: 0, Time elapsed: 0.007 s -- in com.uber.service.DriverServiceTest$UpdateLocationTests
[INFO] Running com.uber.service.DriverServiceTest$GoOfflineTests
2025-12-26T21:29:19.184+08:00  INFO 26600 --- [ride-dispatch-server] [           main] com.uber.service.DriverService           : Driver driver-1 is now online at (10.0, 20.0)
2025-12-26T21:29:19.185+08:00  INFO 26600 --- [ride-dispatch-server] [           main] com.uber.service.DriverService           : Driver driver-1 is now offline
2025-12-26T21:29:19.187+08:00  INFO 26600 --- [ride-dispatch-server] [           main] com.uber.service.DriverService           : Driver driver-1 is now online at (10.0, 20.0)
[INFO] Tests run: 3, Failures: 0, Errors: 0, Skipped: 0, Time elapsed: 0.011 s -- in com.uber.service.DriverServiceTest$GoOfflineTests
[INFO] Running com.uber.service.DriverServiceTest$GoOnlineTests
2025-12-26T21:29:19.198+08:00  INFO 26600 --- [ride-dispatch-server] [           main] com.uber.service.DriverService           : Driver registered: driver-1
2025-12-26T21:29:19.199+08:00  INFO 26600 --- [ride-dispatch-server] [           main] com.uber.service.DriverService           : Driver driver-1 is now online at (30.0, 40.0)
2025-12-26T21:29:19.201+08:00  INFO 26600 --- [ride-dispatch-server] [           main] com.uber.service.DriverService           : Driver driver-1 is now online at (10.0, 20.0)
[INFO] Tests run: 2, Failures: 0, Errors: 0, Skipped: 0, Time elapsed: 0.006 s -- in com.uber.service.DriverServiceTest$GoOnlineTests
[INFO] Tests run: 0, Failures: 0, Errors: 0, Skipped: 0, Time elapsed: 0.056 s -- in com.uber.service.DriverServiceTest
[INFO] Running com.uber.service.FareServiceTest
[INFO] Running com.uber.service.FareServiceTest$RatePlanComplianceTests
[INFO] Tests run: 3, Failures: 0, Errors: 0, Skipped: 0, Time elapsed: 0.005 s -- in com.uber.service.FareServiceTest$RatePlanComplianceTests
[INFO] Running com.uber.service.FareServiceTest$RatePlanManagementTests
[INFO] Tests run: 4, Failures: 0, Errors: 0, Skipped: 0, Time elapsed: 0.007 s -- in com.uber.service.FareServiceTest$RatePlanManagementTests
[INFO] Running com.uber.service.FareServiceTest$CancelFeeTests
[INFO] Tests run: 3, Failures: 0, Errors: 0, Skipped: 0, Time elapsed: 0.006 s -- in com.uber.service.FareServiceTest$CancelFeeTests
[INFO] Running com.uber.service.FareServiceTest$ActualFareTests
[INFO] Tests run: 6, Failures: 0, Errors: 0, Skipped: 0, Time elapsed: 0.012 s -- in com.uber.service.FareServiceTest$ActualFareTests
[INFO] Running com.uber.service.FareServiceTest$EstimatedFareTests
[INFO] Tests run: 7, Failures: 0, Errors: 0, Skipped: 0, Time elapsed: 0.009 s -- in com.uber.service.FareServiceTest$EstimatedFareTests
[INFO] Tests run: 0, Failures: 0, Errors: 0, Skipped: 0, Time elapsed: 0.047 s -- in com.uber.service.FareServiceTest
[INFO] Running com.uber.service.IdempotencyH4Test
2025-12-26T21:29:19.253+08:00  INFO 26600 --- [ride-dispatch-server] [           main] t.c.s.AnnotationConfigContextLoaderUtils : Could not detect default configuration classes for test class [com.uber.service.IdempotencyH4Test]: IdempotencyH4Test does not declare any static, non-private, non-final, nested classes annotated with @Configuration.
2025-12-26T21:29:19.257+08:00  INFO 26600 --- [ride-dispatch-server] [           main] .b.t.c.SpringBootTestContextBootstrapper : Found @SpringBootConfiguration com.uber.RideDispatchApplication for test class com.uber.service.IdempotencyH4Test
[INFO] Running com.uber.service.IdempotencyH4Test$FullFlowIdempotencyTests
2025-12-26T21:29:19.268+08:00  INFO 26600 --- [ride-dispatch-server] [           main] t.c.s.AnnotationConfigContextLoaderUtils : Could not detect default configuration classes for test class [com.uber.service.IdempotencyH4Test$FullFlowIdempotencyTests]: FullFlowIdempotencyTests does not declare any static, non-private, non-final, nested classes annotated with @Configuration.
2025-12-26T21:29:19.270+08:00  INFO 26600 --- [ride-dispatch-server] [           main] .b.t.c.SpringBootTestContextBootstrapper : Found @SpringBootConfiguration com.uber.RideDispatchApplication for test class com.uber.service.IdempotencyH4Test$FullFlowIdempotencyTests
2025-12-26T21:29:19.277+08:00  INFO 26600 --- [ride-dispatch-server] [           main] com.uber.service.OrderService            : Order created: a0c91291-ee57-4087-a6ce-be30ba5114cf
2025-12-26T21:29:19.277+08:00  INFO 26600 --- [ride-dispatch-server] [           main] com.uber.service.DriverService           : Driver registered: driver-full
2025-12-26T21:29:19.277+08:00  INFO 26600 --- [ride-dispatch-server] [           main] com.uber.service.DriverService           : Driver driver-full is now online at (2.0, 2.0)
2025-12-26T21:29:19.277+08:00  INFO 26600 --- [ride-dispatch-server] [           main] com.uber.service.OrderService            : Order a0c91291-ee57-4087-a6ce-be30ba5114cf accepted by driver driver-full
2025-12-26T21:29:19.277+08:00  INFO 26600 --- [ride-dispatch-server] [           main] com.uber.service.OrderService            : Idempotent accept - order already accepted by same driver
2025-12-26T21:29:19.279+08:00  INFO 26600 --- [ride-dispatch-server] [           main] com.uber.service.OrderService            : Trip started for order a0c91291-ee57-4087-a6ce-be30ba5114cf
2025-12-26T21:29:19.394+08:00  INFO 26600 --- [ride-dispatch-server] [           main] com.uber.service.OrderService            : Trip completed for order a0c91291-ee57-4087-a6ce-be30ba5114cf, fare: 474.26
[INFO] Tests run: 1, Failures: 0, Errors: 0, Skipped: 0, Time elapsed: 0.132 s -- in com.uber.service.IdempotencyH4Test$FullFlowIdempotencyTests
[INFO] Running com.uber.service.IdempotencyH4Test$CancelIdempotencyTests
2025-12-26T21:29:19.401+08:00  INFO 26600 --- [ride-dispatch-server] [           main] t.c.s.AnnotationConfigContextLoaderUtils : Could not detect default configuration classes for test class [com.uber.service.IdempotencyH4Test$CancelIdempotencyTests]: CancelIdempotencyTests does not declare any static, non-private, non-final, nested classes annotated with @Configuration.
2025-12-26T21:29:19.403+08:00  INFO 26600 --- [ride-dispatch-server] [           main] .b.t.c.SpringBootTestContextBootstrapper : Found @SpringBootConfiguration com.uber.RideDispatchApplication for test class com.uber.service.IdempotencyH4Test$CancelIdempotencyTests
2025-12-26T21:29:19.409+08:00  INFO 26600 --- [ride-dispatch-server] [           main] com.uber.service.OrderService            : Order created: 3063a7a4-8258-459a-9858-a8555213db37
2025-12-26T21:29:19.410+08:00  INFO 26600 --- [ride-dispatch-server] [           main] com.uber.service.OrderService            : Order 3063a7a4-8258-459a-9858-a8555213db37 cancelled
2025-12-26T21:29:19.413+08:00  INFO 26600 --- [ride-dispatch-server] [           main] com.uber.service.OrderService            : Order created: f05f5ffb-ae5c-4b6c-aeb2-19463e82101e
2025-12-26T21:29:19.414+08:00  INFO 26600 --- [ride-dispatch-server] [pool-7-thread-1] com.uber.service.OrderService            : Order f05f5ffb-ae5c-4b6c-aeb2-19463e82101e cancelled
2025-12-26T21:29:19.420+08:00  INFO 26600 --- [ride-dispatch-server] [           main] com.uber.service.OrderService            : Order created: 25d3da8a-df92-4632-9c6f-bf48b1122ac4
2025-12-26T21:29:19.420+08:00  INFO 26600 --- [ride-dispatch-server] [           main] com.uber.service.DriverService           : Driver registered: driver-009
2025-12-26T21:29:19.420+08:00  INFO 26600 --- [ride-dispatch-server] [           main] com.uber.service.DriverService           : Driver driver-009 is now online at (0.0, 0.0)
2025-12-26T21:29:19.420+08:00  INFO 26600 --- [ride-dispatch-server] [           main] com.uber.service.OrderService            : Order 25d3da8a-df92-4632-9c6f-bf48b1122ac4 accepted by driver driver-009
2025-12-26T21:29:19.421+08:00  INFO 26600 --- [ride-dispatch-server] [           main] com.uber.service.OrderService            : Order 25d3da8a-df92-4632-9c6f-bf48b1122ac4 cancelled
[INFO] Tests run: 3, Failures: 0, Errors: 0, Skipped: 0, Time elapsed: 0.023 s -- in com.uber.service.IdempotencyH4Test$CancelIdempotencyTests
[INFO] Running com.uber.service.IdempotencyH4Test$CompleteIdempotencyTests
2025-12-26T21:29:19.425+08:00  INFO 26600 --- [ride-dispatch-server] [           main] t.c.s.AnnotationConfigContextLoaderUtils : Could not detect default configuration classes for test class [com.uber.service.IdempotencyH4Test$CompleteIdempotencyTests]: CompleteIdempotencyTests does not declare any static, non-private, non-final, nested classes annotated with @Configuration.
2025-12-26T21:29:19.428+08:00  INFO 26600 --- [ride-dispatch-server] [           main] .b.t.c.SpringBootTestContextBootstrapper : Found @SpringBootConfiguration com.uber.RideDispatchApplication for test class com.uber.service.IdempotencyH4Test$CompleteIdempotencyTests
2025-12-26T21:29:19.442+08:00  INFO 26600 --- [ride-dispatch-server] [           main] com.uber.service.OrderService            : Order created: 0447c6b5-f7fc-46ab-8c0a-93c7d61a16a0
2025-12-26T21:29:19.442+08:00  INFO 26600 --- [ride-dispatch-server] [           main] com.uber.service.DriverService           : Driver registered: driver-006
2025-12-26T21:29:19.443+08:00  INFO 26600 --- [ride-dispatch-server] [           main] com.uber.service.DriverService           : Driver driver-006 is now online at (0.0, 0.0)
2025-12-26T21:29:19.444+08:00  INFO 26600 --- [ride-dispatch-server] [           main] com.uber.service.OrderService            : Order 0447c6b5-f7fc-46ab-8c0a-93c7d61a16a0 accepted by driver driver-006
2025-12-26T21:29:19.447+08:00  INFO 26600 --- [ride-dispatch-server] [           main] com.uber.service.OrderService            : Trip started for order 0447c6b5-f7fc-46ab-8c0a-93c7d61a16a0
2025-12-26T21:29:19.562+08:00  INFO 26600 --- [ride-dispatch-server] [           main] com.uber.service.OrderService            : Trip completed for order 0447c6b5-f7fc-46ab-8c0a-93c7d61a16a0, fare: 262.13
2025-12-26T21:29:19.567+08:00  INFO 26600 --- [ride-dispatch-server] [           main] com.uber.service.OrderService            : Order created: 6e5298f4-31ad-48a8-a257-22758d7847e8
2025-12-26T21:29:19.568+08:00  INFO 26600 --- [ride-dispatch-server] [           main] com.uber.service.DriverService           : Driver registered: driver-007
2025-12-26T21:29:19.568+08:00  INFO 26600 --- [ride-dispatch-server] [           main] com.uber.service.DriverService           : Driver driver-007 is now online at (0.0, 0.0)
2025-12-26T21:29:19.568+08:00  INFO 26600 --- [ride-dispatch-server] [           main] com.uber.service.OrderService            : Order 6e5298f4-31ad-48a8-a257-22758d7847e8 accepted by driver driver-007
2025-12-26T21:29:19.569+08:00  INFO 26600 --- [ride-dispatch-server] [           main] com.uber.service.OrderService            : Trip started for order 6e5298f4-31ad-48a8-a257-22758d7847e8
2025-12-26T21:29:19.569+08:00  INFO 26600 --- [ride-dispatch-server] [           main] com.uber.service.OrderService            : Trip completed for order 6e5298f4-31ad-48a8-a257-22758d7847e8, fare: 312.13
[INFO] Tests run: 2, Failures: 0, Errors: 0, Skipped: 0, Time elapsed: 0.147 s -- in com.uber.service.IdempotencyH4Test$CompleteIdempotencyTests
[INFO] Running com.uber.service.IdempotencyH4Test$StartIdempotencyTests
2025-12-26T21:29:19.575+08:00  INFO 26600 --- [ride-dispatch-server] [           main] t.c.s.AnnotationConfigContextLoaderUtils : Could not detect default configuration classes for test class [com.uber.service.IdempotencyH4Test$StartIdempotencyTests]: StartIdempotencyTests does not declare any static, non-private, non-final, nested classes annotated with @Configuration.
2025-12-26T21:29:19.578+08:00  INFO 26600 --- [ride-dispatch-server] [           main] .b.t.c.SpringBootTestContextBootstrapper : Found @SpringBootConfiguration com.uber.RideDispatchApplication for test class com.uber.service.IdempotencyH4Test$StartIdempotencyTests
2025-12-26T21:29:19.586+08:00  INFO 26600 --- [ride-dispatch-server] [           main] com.uber.service.OrderService            : Order created: 9f063f0f-40b3-4f71-b242-80501dbd0bb0
2025-12-26T21:29:19.586+08:00  INFO 26600 --- [ride-dispatch-server] [           main] com.uber.service.DriverService           : Driver registered: driver-004
2025-12-26T21:29:19.586+08:00  INFO 26600 --- [ride-dispatch-server] [           main] com.uber.service.DriverService           : Driver driver-004 is now online at (0.0, 0.0)
2025-12-26T21:29:19.587+08:00  INFO 26600 --- [ride-dispatch-server] [           main] com.uber.service.OrderService            : Order 9f063f0f-40b3-4f71-b242-80501dbd0bb0 accepted by driver driver-004
2025-12-26T21:29:19.587+08:00  INFO 26600 --- [ride-dispatch-server] [           main] com.uber.service.OrderService            : Trip started for order 9f063f0f-40b3-4f71-b242-80501dbd0bb0
2025-12-26T21:29:19.593+08:00  INFO 26600 --- [ride-dispatch-server] [           main] com.uber.service.OrderService            : Order created: 18b7184a-85b2-4376-afea-037ae9910fae
2025-12-26T21:29:19.593+08:00  INFO 26600 --- [ride-dispatch-server] [           main] com.uber.service.DriverService           : Driver registered: driver-005
2025-12-26T21:29:19.593+08:00  INFO 26600 --- [ride-dispatch-server] [           main] com.uber.service.DriverService           : Driver driver-005 is now online at (4.0, 4.0)
2025-12-26T21:29:19.594+08:00  INFO 26600 --- [ride-dispatch-server] [           main] com.uber.service.OrderService            : Order 18b7184a-85b2-4376-afea-037ae9910fae accepted by driver driver-005
2025-12-26T21:29:19.596+08:00  INFO 26600 --- [ride-dispatch-server] [pool-8-thread-1] com.uber.service.OrderService            : Trip started for order 18b7184a-85b2-4376-afea-037ae9910fae
[INFO] Tests run: 2, Failures: 0, Errors: 0, Skipped: 0, Time elapsed: 0.027 s -- in com.uber.service.IdempotencyH4Test$StartIdempotencyTests
[INFO] Running com.uber.service.IdempotencyH4Test$AcceptIdempotencyTests
2025-12-26T21:29:19.604+08:00  INFO 26600 --- [ride-dispatch-server] [           main] t.c.s.AnnotationConfigContextLoaderUtils : Could not detect default configuration classes for test class [com.uber.service.IdempotencyH4Test$AcceptIdempotencyTests]: AcceptIdempotencyTests does not declare any static, non-private, non-final, nested classes annotated with @Configuration.
2025-12-26T21:29:19.607+08:00  INFO 26600 --- [ride-dispatch-server] [           main] .b.t.c.SpringBootTestContextBootstrapper : Found @SpringBootConfiguration com.uber.RideDispatchApplication for test class com.uber.service.IdempotencyH4Test$AcceptIdempotencyTests
2025-12-26T21:29:19.619+08:00  INFO 26600 --- [ride-dispatch-server] [           main] com.uber.service.OrderService            : Order created: 488046c3-239d-4f59-a28c-c55e518725eb
2025-12-26T21:29:19.619+08:00  INFO 26600 --- [ride-dispatch-server] [           main] com.uber.service.DriverService           : Driver registered: driver-003
2025-12-26T21:29:19.620+08:00  INFO 26600 --- [ride-dispatch-server] [           main] com.uber.service.DriverService           : Driver driver-003 is now online at (3.0, 3.0)
2025-12-26T21:29:19.622+08:00  INFO 26600 --- [ride-dispatch-server] [pool-9-thread-1] com.uber.service.OrderService            : Order 488046c3-239d-4f59-a28c-c55e518725eb accepted by driver driver-003
2025-12-26T21:29:19.622+08:00  INFO 26600 --- [ride-dispatch-server] [pool-9-thread-4] com.uber.service.OrderService            : Idempotent accept - order already accepted by same driver
2025-12-26T21:29:19.622+08:00  INFO 26600 --- [ride-dispatch-server] [pool-9-thread-3] com.uber.service.OrderService            : Idempotent accept - order already accepted by same driver
2025-12-26T21:29:19.622+08:00  INFO 26600 --- [ride-dispatch-server] [pool-9-thread-2] com.uber.service.OrderService            : Idempotent accept - order already accepted by same driver
2025-12-26T21:29:19.622+08:00  INFO 26600 --- [ride-dispatch-server] [pool-9-thread-5] com.uber.service.OrderService            : Idempotent accept - order already accepted by same driver
2025-12-26T21:29:19.627+08:00  INFO 26600 --- [ride-dispatch-server] [           main] com.uber.service.OrderService            : Order created: 267f34e5-68df-41cf-b73a-1b1a1f316d56
2025-12-26T21:29:19.627+08:00  INFO 26600 --- [ride-dispatch-server] [           main] com.uber.service.DriverService           : Driver registered: driver-002
2025-12-26T21:29:19.627+08:00  INFO 26600 --- [ride-dispatch-server] [           main] com.uber.service.DriverService           : Driver driver-002 is now online at (1.0, 1.0)
2025-12-26T21:29:19.628+08:00  INFO 26600 --- [ride-dispatch-server] [           main] com.uber.service.OrderService            : Order 267f34e5-68df-41cf-b73a-1b1a1f316d56 accepted by driver driver-002
2025-12-26T21:29:19.628+08:00  INFO 26600 --- [ride-dispatch-server] [           main] com.uber.service.OrderService            : Idempotent accept - order already accepted by same driver
2025-12-26T21:29:19.628+08:00  INFO 26600 --- [ride-dispatch-server] [           main] com.uber.service.OrderService            : Idempotent accept - order already accepted by same driver
2025-12-26T21:29:19.628+08:00  INFO 26600 --- [ride-dispatch-server] [           main] com.uber.service.OrderService            : Idempotent accept - order already accepted by same driver
2025-12-26T21:29:19.628+08:00  INFO 26600 --- [ride-dispatch-server] [           main] com.uber.service.OrderService            : Idempotent accept - order already accepted by same driver
2025-12-26T21:29:19.633+08:00  INFO 26600 --- [ride-dispatch-server] [           main] com.uber.service.OrderService            : Order created: 7ce811bc-4729-4bf5-ab6b-1aebef4941f3
2025-12-26T21:29:19.633+08:00  INFO 26600 --- [ride-dispatch-server] [           main] com.uber.service.DriverService           : Driver registered: driver-001
2025-12-26T21:29:19.633+08:00  INFO 26600 --- [ride-dispatch-server] [           main] com.uber.service.DriverService           : Driver driver-001 is now online at (5.0, 5.0)
2025-12-26T21:29:19.633+08:00  INFO 26600 --- [ride-dispatch-server] [           main] com.uber.service.OrderService            : Order 7ce811bc-4729-4bf5-ab6b-1aebef4941f3 accepted by driver driver-001
2025-12-26T21:29:19.633+08:00  INFO 26600 --- [ride-dispatch-server] [           main] com.uber.service.OrderService            : Idempotent accept - order already accepted by same driver
[INFO] Tests run: 3, Failures: 0, Errors: 0, Skipped: 0, Time elapsed: 0.033 s -- in com.uber.service.IdempotencyH4Test$AcceptIdempotencyTests
[INFO] Tests run: 0, Failures: 0, Errors: 0, Skipped: 0, Time elapsed: 0.386 s -- in com.uber.service.IdempotencyH4Test
[INFO] Running com.uber.service.MatchingServiceTest
[INFO] Running com.uber.service.MatchingServiceTest$DistanceCalculationTests
[INFO] Tests run: 4, Failures: 0, Errors: 0, Skipped: 0, Time elapsed: 0.169 s -- in com.uber.service.MatchingServiceTest$DistanceCalculationTests
[INFO] Running com.uber.service.MatchingServiceTest$SearchRadiusTests
2025-12-26T21:29:19.828+08:00  INFO 26600 --- [ride-dispatch-server] [           main] com.uber.service.MatchingService         : Search radius updated to: 20.0
[INFO] Tests run: 2, Failures: 0, Errors: 0, Skipped: 0, Time elapsed: 0.009 s -- in com.uber.service.MatchingServiceTest$SearchRadiusTests
[INFO] Running com.uber.service.MatchingServiceTest$GetAvailableDriversTests
[INFO] Tests run: 2, Failures: 0, Errors: 0, Skipped: 0, Time elapsed: 0.016 s -- in com.uber.service.MatchingServiceTest$GetAvailableDriversTests
[INFO] Running com.uber.service.MatchingServiceTest$GetAvailableOrdersTests
[INFO] Tests run: 4, Failures: 0, Errors: 0, Skipped: 0, Time elapsed: 0.018 s -- in com.uber.service.MatchingServiceTest$GetAvailableOrdersTests
[INFO] Running com.uber.service.MatchingServiceTest$FindBestDriverTests
2025-12-26T21:29:19.875+08:00  INFO 26600 --- [ride-dispatch-server] [           main] com.uber.service.MatchingService         : No matching driver found for order order-001 with vehicle type STANDARD
2025-12-26T21:29:19.885+08:00  INFO 26600 --- [ride-dispatch-server] [           main] com.uber.service.MatchingService         : Best driver found for order order-001: driver-001 (distance: 2.8284271247461903)
2025-12-26T21:29:19.889+08:00  INFO 26600 --- [ride-dispatch-server] [           main] com.uber.service.MatchingService         : Best driver found for order order-001: driver-premium (distance: 1.4142135623730951)
2025-12-26T21:29:19.893+08:00  INFO 26600 --- [ride-dispatch-server] [           main] com.uber.service.MatchingService         : No matching driver found for order order-001 with vehicle type STANDARD
2025-12-26T21:29:19.897+08:00  INFO 26600 --- [ride-dispatch-server] [           main] com.uber.service.MatchingService         : Best driver found for order order-001: driver-001 (distance: 2.8284271247461903)
2025-12-26T21:29:19.901+08:00  INFO 26600 --- [ride-dispatch-server] [           main] com.uber.service.MatchingService         : Best driver found for order order-001: driver-aaa (distance: 1.4142135623730951)
2025-12-26T21:29:19.903+08:00  INFO 26600 --- [ride-dispatch-server] [           main] com.uber.service.MatchingService         : Best driver found for order order-001: driver-001 (distance: 2.8284271247461903)
[INFO] Tests run: 8, Failures: 0, Errors: 0, Skipped: 0, Time elapsed: 0.037 s -- in com.uber.service.MatchingServiceTest$FindBestDriverTests
[INFO] Tests run: 0, Failures: 0, Errors: 0, Skipped: 0, Time elapsed: 0.260 s -- in com.uber.service.MatchingServiceTest
[INFO] Running com.uber.service.OrderServiceTest
[INFO] Running com.uber.service.OrderServiceTest$IllegalStateTransitionTests
2025-12-26T21:29:19.911+08:00  INFO 26600 --- [ride-dispatch-server] [           main] com.uber.service.OrderService            : Order created: 64270021-b630-43b4-8b33-c69b6e933920
2025-12-26T21:29:19.911+08:00  INFO 26600 --- [ride-dispatch-server] [           main] com.uber.service.OrderService            : Order 64270021-b630-43b4-8b33-c69b6e933920 cancelled
2025-12-26T21:29:19.913+08:00  INFO 26600 --- [ride-dispatch-server] [           main] com.uber.service.OrderService            : Order created: bbfba27c-4265-46b3-9c89-4e90f21a8c95
2025-12-26T21:29:19.915+08:00  INFO 26600 --- [ride-dispatch-server] [           main] com.uber.service.OrderService            : Order bbfba27c-4265-46b3-9c89-4e90f21a8c95 accepted by driver driver-1
2025-12-26T21:29:19.915+08:00  INFO 26600 --- [ride-dispatch-server] [           main] com.uber.service.OrderService            : Trip started for order bbfba27c-4265-46b3-9c89-4e90f21a8c95
2025-12-26T21:29:19.915+08:00  INFO 26600 --- [ride-dispatch-server] [           main] com.uber.service.OrderService            : Trip completed for order bbfba27c-4265-46b3-9c89-4e90f21a8c95, fare: 474.26
[INFO] Tests run: 2, Failures: 0, Errors: 0, Skipped: 0, Time elapsed: 0.008 s -- in com.uber.service.OrderServiceTest$IllegalStateTransitionTests
[INFO] Running com.uber.service.OrderServiceTest$CancelOrderTests
2025-12-26T21:29:19.921+08:00  INFO 26600 --- [ride-dispatch-server] [           main] com.uber.service.OrderService            : Order created: 051a49b8-0eab-4165-bc0e-e946531dc139
2025-12-26T21:29:19.922+08:00  INFO 26600 --- [ride-dispatch-server] [           main] com.uber.service.OrderService            : Order 051a49b8-0eab-4165-bc0e-e946531dc139 accepted by driver driver-1
2025-12-26T21:29:19.922+08:00  INFO 26600 --- [ride-dispatch-server] [           main] com.uber.service.OrderService            : Order 051a49b8-0eab-4165-bc0e-e946531dc139 cancelled
2025-12-26T21:29:19.925+08:00  INFO 26600 --- [ride-dispatch-server] [           main] com.uber.service.OrderService            : Order created: a836762a-ca3b-4d26-8e2f-5375eec58c8d
2025-12-26T21:29:19.925+08:00  INFO 26600 --- [ride-dispatch-server] [           main] com.uber.service.OrderService            : Order a836762a-ca3b-4d26-8e2f-5375eec58c8d cancelled
2025-12-26T21:29:19.927+08:00  INFO 26600 --- [ride-dispatch-server] [           main] com.uber.service.OrderService            : Order created: 81f2e3e8-3b67-4e25-88a1-754a8e6136eb
2025-12-26T21:29:19.927+08:00  INFO 26600 --- [ride-dispatch-server] [           main] com.uber.service.OrderService            : Order 81f2e3e8-3b67-4e25-88a1-754a8e6136eb cancelled
2025-12-26T21:29:19.929+08:00  INFO 26600 --- [ride-dispatch-server] [           main] com.uber.service.OrderService            : Order created: 8616e1e8-7ccf-477d-a9e0-e47b293f2e48
2025-12-26T21:29:19.930+08:00  INFO 26600 --- [ride-dispatch-server] [           main] com.uber.service.OrderService            : Order 8616e1e8-7ccf-477d-a9e0-e47b293f2e48 accepted by driver driver-1
2025-12-26T21:29:19.930+08:00  INFO 26600 --- [ride-dispatch-server] [           main] com.uber.service.OrderService            : Trip started for order 8616e1e8-7ccf-477d-a9e0-e47b293f2e48
[INFO] Tests run: 4, Failures: 0, Errors: 0, Skipped: 0, Time elapsed: 0.011 s -- in com.uber.service.OrderServiceTest$CancelOrderTests
[INFO] Running com.uber.service.OrderServiceTest$CompleteTripTests
2025-12-26T21:29:19.935+08:00  INFO 26600 --- [ride-dispatch-server] [           main] com.uber.service.OrderService            : Order created: a2db4fe6-9c56-4a95-ad28-4da9decd6bc1
2025-12-26T21:29:19.935+08:00  INFO 26600 --- [ride-dispatch-server] [           main] com.uber.service.OrderService            : Order a2db4fe6-9c56-4a95-ad28-4da9decd6bc1 accepted by driver driver-1
2025-12-26T21:29:19.935+08:00  INFO 26600 --- [ride-dispatch-server] [           main] com.uber.service.OrderService            : Trip started for order a2db4fe6-9c56-4a95-ad28-4da9decd6bc1
2025-12-26T21:29:19.936+08:00  INFO 26600 --- [ride-dispatch-server] [           main] com.uber.service.OrderService            : Trip completed for order a2db4fe6-9c56-4a95-ad28-4da9decd6bc1, fare: 474.26
2025-12-26T21:29:19.937+08:00  INFO 26600 --- [ride-dispatch-server] [           main] com.uber.service.OrderService            : Order created: 34819646-1d86-4e05-bfe2-63c155cdef54
2025-12-26T21:29:19.938+08:00  INFO 26600 --- [ride-dispatch-server] [           main] com.uber.service.OrderService            : Order 34819646-1d86-4e05-bfe2-63c155cdef54 accepted by driver driver-1
2025-12-26T21:29:19.938+08:00  INFO 26600 --- [ride-dispatch-server] [           main] com.uber.service.OrderService            : Trip started for order 34819646-1d86-4e05-bfe2-63c155cdef54
2025-12-26T21:29:19.941+08:00  INFO 26600 --- [ride-dispatch-server] [           main] com.uber.service.OrderService            : Order created: 49633755-7ae1-41bb-8319-1d21b72993b3
2025-12-26T21:29:19.941+08:00  INFO 26600 --- [ride-dispatch-server] [           main] com.uber.service.OrderService            : Order 49633755-7ae1-41bb-8319-1d21b72993b3 accepted by driver driver-1
2025-12-26T21:29:19.941+08:00  INFO 26600 --- [ride-dispatch-server] [           main] com.uber.service.OrderService            : Trip started for order 49633755-7ae1-41bb-8319-1d21b72993b3
2025-12-26T21:29:19.942+08:00  INFO 26600 --- [ride-dispatch-server] [           main] com.uber.service.OrderService            : Trip completed for order 49633755-7ae1-41bb-8319-1d21b72993b3, fare: 474.26
[INFO] Tests run: 3, Failures: 0, Errors: 0, Skipped: 0, Time elapsed: 0.009 s -- in com.uber.service.OrderServiceTest$CompleteTripTests
[INFO] Running com.uber.service.OrderServiceTest$StartTripTests
2025-12-26T21:29:19.946+08:00  INFO 26600 --- [ride-dispatch-server] [           main] com.uber.service.OrderService            : Order created: 9c7ee71d-7972-454e-bdce-df2d8d60de5f
2025-12-26T21:29:19.947+08:00  INFO 26600 --- [ride-dispatch-server] [           main] com.uber.service.OrderService            : Order 9c7ee71d-7972-454e-bdce-df2d8d60de5f accepted by driver driver-1
2025-12-26T21:29:19.947+08:00  INFO 26600 --- [ride-dispatch-server] [           main] com.uber.service.OrderService            : Trip started for order 9c7ee71d-7972-454e-bdce-df2d8d60de5f
2025-12-26T21:29:19.950+08:00  INFO 26600 --- [ride-dispatch-server] [           main] com.uber.service.OrderService            : Order created: b7695b66-0fea-44b3-b722-8a574d6fe812
2025-12-26T21:29:19.950+08:00  INFO 26600 --- [ride-dispatch-server] [           main] com.uber.service.OrderService            : Order b7695b66-0fea-44b3-b722-8a574d6fe812 accepted by driver driver-1
2025-12-26T21:29:19.950+08:00  INFO 26600 --- [ride-dispatch-server] [           main] com.uber.service.OrderService            : Trip started for order b7695b66-0fea-44b3-b722-8a574d6fe812
2025-12-26T21:29:19.952+08:00  INFO 26600 --- [ride-dispatch-server] [           main] com.uber.service.OrderService            : Order created: 4021639c-fca4-483b-9f9d-365205761c7f
2025-12-26T21:29:19.952+08:00  INFO 26600 --- [ride-dispatch-server] [           main] com.uber.service.OrderService            : Order 4021639c-fca4-483b-9f9d-365205761c7f accepted by driver driver-1
2025-12-26T21:29:19.955+08:00  INFO 26600 --- [ride-dispatch-server] [           main] com.uber.service.OrderService            : Order created: 28c75243-3067-4e04-b309-38e1105062d9
2025-12-26T21:29:19.955+08:00  INFO 26600 --- [ride-dispatch-server] [           main] com.uber.service.OrderService            : Order 28c75243-3067-4e04-b309-38e1105062d9 accepted by driver driver-1
2025-12-26T21:29:19.956+08:00  INFO 26600 --- [ride-dispatch-server] [           main] com.uber.service.OrderService            : Order created: 6c1f0ca1-634f-45ea-ab0a-8d500a67229d
[INFO] Tests run: 4, Failures: 0, Errors: 0, Skipped: 0, Time elapsed: 0.013 s -- in com.uber.service.OrderServiceTest$StartTripTests
[INFO] Running com.uber.service.OrderServiceTest$AcceptOrderTests
2025-12-26T21:29:19.960+08:00  INFO 26600 --- [ride-dispatch-server] [           main] com.uber.service.OrderService            : Order created: 10c77c89-0c48-499b-9b46-2fca65dee1c9
2025-12-26T21:29:19.963+08:00  INFO 26600 --- [ride-dispatch-server] [           main] com.uber.service.OrderService            : Order created: c31ed216-dfe9-4af8-80d4-ef20e405ad02
2025-12-26T21:29:19.964+08:00  INFO 26600 --- [ride-dispatch-server] [           main] com.uber.service.OrderService            : Order c31ed216-dfe9-4af8-80d4-ef20e405ad02 accepted by driver driver-1
2025-12-26T21:29:19.967+08:00  INFO 26600 --- [ride-dispatch-server] [           main] com.uber.service.OrderService            : Order created: 1378a9f3-6242-4b78-9ead-5044f567fd84
2025-12-26T21:29:19.967+08:00  INFO 26600 --- [ride-dispatch-server] [           main] com.uber.service.OrderService            : Order 1378a9f3-6242-4b78-9ead-5044f567fd84 accepted by driver driver-1
2025-12-26T21:29:19.967+08:00  INFO 26600 --- [ride-dispatch-server] [           main] com.uber.service.OrderService            : Idempotent accept - order already accepted by same driver
2025-12-26T21:29:19.969+08:00  INFO 26600 --- [ride-dispatch-server] [           main] com.uber.service.OrderService            : Order created: 6bc4c3e7-cf10-45fd-a314-83fd506f3e6c
2025-12-26T21:29:19.972+08:00  INFO 26600 --- [ride-dispatch-server] [           main] com.uber.service.OrderService            : Order created: ec769551-d7f7-4c8a-8db4-56b75b3d7a7f
2025-12-26T21:29:19.972+08:00  INFO 26600 --- [ride-dispatch-server] [           main] com.uber.service.OrderService            : Order ec769551-d7f7-4c8a-8db4-56b75b3d7a7f accepted by driver driver-1
[INFO] Tests run: 5, Failures: 0, Errors: 0, Skipped: 0, Time elapsed: 0.016 s -- in com.uber.service.OrderServiceTest$AcceptOrderTests
[INFO] Running com.uber.service.OrderServiceTest$CreateOrderTests
2025-12-26T21:29:19.979+08:00  INFO 26600 --- [ride-dispatch-server] [           main] com.uber.service.OrderService            : Order created: 83ccde3b-49b2-4081-8470-996eeef3784c
[INFO] Tests run: 2, Failures: 0, Errors: 0, Skipped: 0, Time elapsed: 0.004 s -- in com.uber.service.OrderServiceTest$CreateOrderTests
[INFO] Tests run: 0, Failures: 0, Errors: 0, Skipped: 0, Time elapsed: 0.076 s -- in com.uber.service.OrderServiceTest
[INFO] 
[INFO] Results:
[INFO] 
[INFO] Tests run: 125, Failures: 0, Errors: 0, Skipped: 0
[INFO] 
[INFO] 
[INFO] --- jacoco:0.8.12:report (default-cli) @ ride-dispatch-server ---
[INFO] Skipping JaCoCo execution due to missing execution data file.
[INFO] ------------------------------------------------------------------------
[INFO] BUILD SUCCESS
[INFO] ------------------------------------------------------------------------
[INFO] Total time:  17.273 s
[INFO] Finished at: 2025-12-26T21:29:20+08:00
[INFO] ------------------------------------------------------------------------
